// Jest Snapshot v1, https://goo.gl/fbAQLP

exports[`RadioSvgMap component renders map with radio button attributes 1`] = `
<svg
  aria-label="label"
  class="svg-map"
  map="[object Object]"
  role="radiogroup"
  viewBox="viewBox"
  xmlns="http://www.w3.org/2000/svg"
>
   
  <path
    aria-label="name0"
    class="svg-map__location"
    d="path0"
    id="id0"
    name="name0"
    role="radio"
    tabindex="-1"
  />
  <path
    aria-checked="true"
    aria-label="name1"
    class="svg-map__location"
    d="path1"
    id="id1"
    name="name1"
    role="radio"
    tabindex="0"
  />
  <path
    aria-label="name2"
    class="svg-map__location"
    d="path2"
    id="id2"
    name="name2"
    role="radio"
    tabindex="-1"
  />
   
</svg>
`;
